// Jest Snapshot v1, https://goo.gl/fbAQLP

exports[`Home Screen Home > Sanpshot verification should match the home screen snapshot 1`] = `
"<!DOCTYPE html>
<html lang="en" class="govuk-template app-html-class">
  <head>
    <meta charset="utf-8">
    <title>
  NCEA Search Service Home
</title>
    <meta name="viewport" content="width=device-width, initial-scale=1, viewport-fit=cover">
    <meta name="theme-color" content="#0b0c0c">



      <link rel="icon" sizes="48x48" href="/assets/images/favicon.ico">
      <link rel="icon" sizes="any" href="/assets/images/favicon.svg" type="image/svg+xml">
      <link rel="mask-icon" href="/assets/images/govuk-icon-mask.svg" color="#0b0c0c">
      <link rel="apple-touch-icon" href="/assets/images/govuk-icon-180.png">
      <link rel="manifest" href="/assets/manifest.json">




  <link rel="stylesheet" href="/assets/css/application.css">
  <meta http-equiv="Cache-control" content="no-cache, no-store, must-revalidate">
  <meta http-equiv="Pragma" content="no-cache">
  <meta http-equiv="Expires" content="0">


  </head>
  <body class="govuk-template__body app-body-class">
    <script>document.body.className += ' js-enabled' + ('noModule' in HTMLScriptElement.prototype ? ' govuk-frontend-supported' : '');</script>

  <div class="govuk-cookie-banner" data-nosnippet role="region" aria-label="Cookies on the find natural capital data service" id="cookie_banner">
    <div class="govuk-cookie-banner__message govuk-width-container" id="cookie_block" hidden>

    <div class="govuk-grid-row">
      <div class="govuk-grid-column-two-thirds">

        <h2 class="govuk-cookie-banner__heading govuk-heading-m">Cookies on the find natural capital data service</h2>


        <div class="govuk-cookie-banner__content">
<p class="govuk-body">We use some essential cookies to make this service work.</p>
<p class="govuk-body">We'd like to set additional cookies so we can remember your settings, understand how people use the service and make improvements</p>
</div>
      </div>
    </div>


      <div class="govuk-button-group">


            <button type="button" class="govuk-button" data-module="govuk-button" id="accept_button">
              Accept analytics cookies
            </button>



            <button type="button" class="govuk-button" data-module="govuk-button" id="reject_button">
              Reject analytics cookies
            </button>




              <a class="govuk-link help-link" href="/cookie-policy">View cookies</a>



      </div>

    </div>

    <div class="govuk-cookie-banner__message govuk-width-container" role="alert" id="accept_block" hidden>

    <div class="govuk-grid-row">
      <div class="govuk-grid-column-two-thirds">


        <div class="govuk-cookie-banner__content">
<p class="govuk-body">You've accepted additional cookies. You can <a class="govuk-link help-link" href="/cookie-policy">change your cookie settings</a> at any time.</p>
</div>
      </div>
    </div>


      <div class="govuk-button-group">


            <button type="button" class="govuk-button hide_button" data-module="govuk-button">
              Hide cookie message
            </button>


      </div>

    </div>

    <div class="govuk-cookie-banner__message govuk-width-container" role="alert" id="reject_block" hidden>

    <div class="govuk-grid-row">
      <div class="govuk-grid-column-two-thirds">


        <div class="govuk-cookie-banner__content">
<p class="govuk-body">You've rejected additional cookies. You can <a class="govuk-link help-link" href="/cookie-policy">change your cookie settings</a> at any time.</p>
</div>
      </div>
    </div>


      <div class="govuk-button-group">


            <button type="button" class="govuk-button hide_button" data-module="govuk-button">
              Hide cookie message
            </button>


      </div>

    </div>

</div>




      <a href="#main-content" class="govuk-skip-link" data-module="govuk-skip-link">Skip to main content</a>




  <script>
    var gtmIdValue = "GTM-PZJ4WBG7"
  </script>
  <script type="module" src="/assets/scripts/cookieScript.js"></script>
  <header class="header-container">

    <!--Will be removed once Defra GA accounts been created -->

    <!-- Google tag (gtag.js) -->






<header class="govuk-header" role="banner" data-module="govuk-header">
  <div class="govuk-header__container govuk-width-container">
    <div class="govuk-header__logo">
      <a href="https://www.gov.uk/" class="govuk-header__link govuk-header__link--homepage">

<svg
  focusable="false"
  role="img"
  class="govuk-header__logotype"
  xmlns="http://www.w3.org/2000/svg"
  viewBox="0 0 152 30"
  height="30"
  width="152"
  aria-label="GOV.UK"
>
  <title>GOV.UK</title>
  <path d="M6.7 12.2c1 .4 2.1-.1 2.5-1s-.1-2.1-1-2.5c-1-.4-2.1.1-2.5 1-.4 1 0 2.1 1 2.5m-4.3 2.5c1 .4 2.1-.1 2.5-1s-.1-2.1-1-2.5c-1-.4-2.1.1-2.5 1-.5 1 0 2.1 1 2.5m-1.3 4.8c1 .4 2.1-.1 2.5-1 .4-1-.1-2.1-1-2.5-1-.4-2.1.1-2.5 1-.4 1 0 2.1 1 2.5m10.4-5.8c1 .4 2.1-.1 2.5-1s-.1-2.1-1-2.5c-1-.4-2.1.1-2.5 1s0 2.1 1 2.5m17.4-1.5c-1 .4-2.1-.1-2.5-1s.1-2.1 1-2.5c1-.4 2.1.1 2.5 1 .5 1 0 2.1-1 2.5m4.3 2.5c-1 .4-2.1-.1-2.5-1s.1-2.1 1-2.5c1-.4 2.1.1 2.5 1 .5 1 0 2.1-1 2.5m1.3 4.8c-1 .4-2.1-.1-2.5-1-.4-1 .1-2.1 1-2.5 1-.4 2.1.1 2.5 1 .4 1 0 2.1-1 2.5m-10.4-5.8c-1 .4-2.1-.1-2.5-1s.1-2.1 1-2.5c1-.4 2.1.1 2.5 1s0 2.1-1 2.5m-5.3-4.9 2.4 1.3V6.5l-2.4.8c-.1-.1-.1-.2-.2-.2s1-3 1-3h-3.4l1 3c-.1.1-.2.1-.2.2-.1.1-2.4-.7-2.4-.7v3.5L17 8.8c-.1.1 0 .2.1.3l-1.4 4.2c-.1.2-.1.4-.1.7 0 1.1.8 2.1 1.9 2.2h.6C19.2 16 20 15.1 20 14c0-.2 0-.4-.1-.7l-1.4-4.2c.2-.1.3-.2.3-.3m-1 20.3c4.6 0 8.9.3 12.8.9 1.1-4.6 2.4-7.2 3.8-9.1l-2.6-.9c.3 1.3.3 1.9 0 2.8-.4-.4-.8-1.2-1.1-2.4l-1.2 4.2c.8-.5 1.4-.9 2-.9-1.2 2.6-2.7 3.2-3.6 3-1.2-.2-1.7-1.3-1.5-2.2.3-1.3 1.6-1.6 2.2-.1 1.2-2.4-.8-3.1-2.1-2.4 1.9-1.9 2.2-3.6.6-5.7-2.2 1.7-2.2 3.3-1.2 5.6-1.3-1.5-3.3-.7-2.5 1.7.9-1.4 2.1-.5 2 .8-.2 1.2-1.7 2.1-3.7 2-2.8-.2-3-2.2-3-3.7.7-.1 1.9.5 3 2l.4-4.4c-1.1 1.2-2.2 1.4-3.3 1.4.4-1.2 2.1-3.1 2.1-3.1h-5.5s1.8 2 2.1 3.1c-1.1 0-2.2-.3-3.3-1.4l.4 4.4c1.1-1.5 2.3-2.1 3-2-.1 1.6-.2 3.5-3 3.7-1.9.2-3.5-.8-3.7-2-.2-1.3 1-2.2 1.9-.8.7-2.4-1.3-3.1-2.6-1.7 1-2.3 1-4-1.2-5.6-1.6 2.1-1.3 3.8.6 5.7-1.3-.7-3.2 0-2.1 2.4.6-1.5 1.9-1.1 2.2.1.2.9-.4 1.9-1.5 2.2-1 .2-2.5-.5-3.7-3 .7 0 1.3.4 2 .9L5 20.4c-.3 1.2-.7 1.9-1.2 2.4-.3-.8-.2-1.5 0-2.8l-2.6.9C2.7 22.8 4 25.4 5.1 30c3.8-.5 8.2-.9 12.7-.9m30.5-11.5c0 .9.1 1.7.3 2.5.2.8.6 1.5 1 2.2.5.6 1 1.1 1.7 1.5.7.4 1.5.6 2.5.6.9 0 1.7-.1 2.3-.4s1.1-.7 1.5-1.1c.4-.4.6-.9.8-1.5.1-.5.2-1 .2-1.5v-.2h-5.3v-3.2h9.4V28H59v-2.5c-.3.4-.6.8-1 1.1-.4.3-.8.6-1.3.9-.5.2-1 .4-1.6.6s-1.2.2-1.8.2c-1.5 0-2.9-.3-4-.8-1.2-.6-2.2-1.3-3-2.3-.8-1-1.4-2.1-1.8-3.4-.3-1.4-.5-2.8-.5-4.3s.2-2.9.7-4.2c.5-1.3 1.1-2.4 2-3.4.9-1 1.9-1.7 3.1-2.3 1.2-.6 2.6-.8 4.1-.8 1 0 1.9.1 2.8.3.9.2 1.7.6 2.4 1s1.4.9 1.9 1.5c.6.6 1 1.3 1.4 2l-3.7 2.1c-.2-.4-.5-.9-.8-1.2-.3-.4-.6-.7-1-1-.4-.3-.8-.5-1.3-.7-.5-.2-1.1-.2-1.7-.2-1 0-1.8.2-2.5.6-.7.4-1.3.9-1.7 1.5-.5.6-.8 1.4-1 2.2-.3.8-.4 1.9-.4 2.7zm36.4-4.3c-.4-1.3-1.1-2.4-2-3.4-.9-1-1.9-1.7-3.1-2.3-1.2-.6-2.6-.8-4.2-.8s-2.9.3-4.2.8c-1.1.6-2.2 1.4-3 2.3-.9 1-1.5 2.1-2 3.4-.4 1.3-.7 2.7-.7 4.2s.2 2.9.7 4.2c.4 1.3 1.1 2.4 2 3.4.9 1 1.9 1.7 3.1 2.3 1.2.6 2.6.8 4.2.8 1.5 0 2.9-.3 4.2-.8 1.2-.6 2.3-1.3 3.1-2.3.9-1 1.5-2.1 2-3.4.4-1.3.7-2.7.7-4.2-.1-1.5-.3-2.9-.8-4.2zM81 17.6c0 1-.1 1.9-.4 2.7-.2.8-.6 1.6-1.1 2.2-.5.6-1.1 1.1-1.7 1.4-.7.3-1.5.5-2.4.5-.9 0-1.7-.2-2.4-.5s-1.3-.8-1.7-1.4c-.5-.6-.8-1.3-1.1-2.2-.2-.8-.4-1.7-.4-2.7v-.1c0-1 .1-1.9.4-2.7.2-.8.6-1.6 1.1-2.2.5-.6 1.1-1.1 1.7-1.4.7-.3 1.5-.5 2.4-.5.9 0 1.7.2 2.4.5s1.3.8 1.7 1.4c.5.6.8 1.3 1.1 2.2.2.8.4 1.7.4 2.7v.1zM92.9 28 87 7h4.7l4 15.7h.1l4-15.7h4.7l-5.9 21h-5.7zm28.8-3.6c.6 0 1.2-.1 1.7-.3.5-.2 1-.4 1.4-.8.4-.4.7-.8.9-1.4.2-.6.3-1.2.3-2v-13h4.1v13.6c0 1.2-.2 2.2-.6 3.1s-1 1.7-1.8 2.4c-.7.7-1.6 1.2-2.7 1.5-1 .4-2.2.5-3.4.5-1.2 0-2.4-.2-3.4-.5-1-.4-1.9-.9-2.7-1.5-.8-.7-1.3-1.5-1.8-2.4-.4-.9-.6-2-.6-3.1V6.9h4.2v13c0 .8.1 1.4.3 2 .2.6.5 1 .9 1.4.4.4.8.6 1.4.8.6.2 1.1.3 1.8.3zm13-17.4h4.2v9.1l7.4-9.1h5.2l-7.2 8.4L152 28h-4.9l-5.5-9.4-2.7 3V28h-4.2V7zm-27.6 16.1c-1.5 0-2.7 1.2-2.7 2.7s1.2 2.7 2.7 2.7 2.7-1.2 2.7-2.7-1.2-2.7-2.7-2.7z"></path>
</svg>


      </a>
    </div>

    <div class="govuk-header__content">


      <a href="/" class="govuk-header__link govuk-header__service-name">
        Find Natural Capital data
      </a>



    </div>

  </div>
</header>

  </header>




      <div class="govuk-width-container">

  <div class="govuk-phase-banner">
  <p class="govuk-phase-banner__content">
    <strong class="govuk-tag govuk-phase-banner__content__tag">
      Beta
    </strong>
    <span class="govuk-phase-banner__text">
      This is a new service - your <a class="govuk-link" rel="noreferrer noopener" target="_blank" href="https://defragroup.eu.qualtrics.com/jfe/form/SV_02KhhVirzVmY0QK">feedback</a> will help us to improve it.
    </span>
  </p>
</div>


        <main class="govuk-main-wrapper app-main-class" id="main-content" role="main">

  <header class="full-width-banner" role="banner">
    <div class="banner-container">
      <img alt="Department for Environment Food &amp; Rural Affairs Logo" src="/assets/images/NCEA-logo-landscape.png" class="banner-container__ncea-logo">
        <h1 class="govuk-heading-xl banner-container__heading-xl">Find natural capital data</h1>
        <span class="govuk-caption-l banner-container__caption-l">Use this service to search for data and information about the
          environment and ecosystems in the UK.</span>
        <span class="govuk-caption-l banner-container__caption-l">This service supports the use of natural capital approaches to
          gathering evidence and making decisions.</span>
      </div>
    </header>


<div class="govuk-grid-row">
  <div class="govuk-grid-column-full quick_search-container">
    <h1 class="govuk-heading-m quick_search-container__heading-m">

        Quick search

    </h1>

      <span class="govuk-caption-m quick_search-container__caption-m">You can search by keyword, theme, title or project code, for example: "hedgehog population Bristol", "Community Supported Fisheries", "AE0101".</span>

    <div class="search-block" data-module="search">
      <form action="/search" id="keyword" data-do-browser-storage method="post" role="search" class="search-block__form govuk-!-margin-top-4">


<div class="govuk-form-group govuk-!-margin-bottom-4">
  <label class="govuk-label search-block__label" for="search_term">
    Search
  </label>


  <div class="govuk-input__wrapper">

    <input class="govuk-input govuk-input govuk-!-margin-bottom-0 search-block__input" id="search_term" name="search_term" type="text" spellcheck="false" autocomplete="off" aria-controls="search-results" placeholder="Search" altName="q">

    <div class="govuk-input__suffix" aria-hidden="true"><button type="submit" class="search-block__button" data-do-quick-search="true">Search</button></div>

  </div>

</div>

        <input type="hidden" name="pageName" value="home">
      </form>
    </div>
  </div>
</div>
    <div class="govuk-grid-row">
      <div class="govuk-grid-column-two-thirds">
        <h2 class="govuk-heading-m">
          Questionnaire search
        </h2>
        <p class="govuk-body">
          A set of questions to narrow down your search for data and information.
        </p>
      </div>
    </div>







<a href="/classifier-search?level=1" role="button" draggable="false" class="govuk-button govuk-button--start" data-module="govuk-button" data-do-quick-search="false" id="guided-search">
  Start
  <svg class="govuk-button__start-icon" xmlns="http://www.w3.org/2000/svg" width="17.5" height="19" viewBox="0 0 33 40" aria-hidden="true" focusable="false">
    <path fill="currentColor" d="M0 0h13l20 20-20 20H0l20-20z"/>
  </svg>
</a>

    <article class="govuk-grid-row" role="article">
      <div class="govuk-grid-column-full educational-copy-container">
        <h1 class="govuk-heading-m govuk-\\!-static-margin-0 educational-copy-container__heading-m">What the NCEA is</h1>
        <p class="govuk-body">
          The Department for Environment, Food and Rural Affairs’ (Defra's)
          <a href="https://www.gov.uk/government/publications/natural-capital-and-ecosystem-assessment-programme" target="_blank">
          Natural Capital and Ecosystem Assessment (NCEA)</a>
          programme is delivering a nationwide survey of England’s land, coast, and sea: mapping the location, extent and
          condition of our ecosystems and the benefits they provide. Through comprehensive monitoring, innovative measurement and
          the development of tools and guidance, NCEA is providing insights on how and why our environment is changing and the
          impact of this - so that we can make informed decisions to better protect and manage our natural capital for people and
          the planet.
        </p>
        <h1 class="govuk-heading-m govuk-\\!-static-margin-0 educational-copy-container__heading-m">What natural capital is</h1>
        <ul>
          <li class="govuk-body">Natural capital is the living and non-living parts of our natural environment that hold value for
            people, providing us with environmental, economic, societal and cultural benefits.</li>
          <li class="govuk-body">It is nature’s stock of living and non-living resources – including ecosystems, species,
            freshwater, land, soils, minerals, air, and ocean – that provide flows of environmental (ecosystem) services.</li>
          <li class="govuk-body">Ecosystem services provide benefits for people and are necessary for our survival and well-being.</li>
        </ul>
        <h1 class="govuk-heading-m govuk-\\!-static-margin-0 educational-copy-container__heading-m">What natural capital
          approaches are</h1>
        <ul>
          <li class="govuk-body">Taking a natural capital approach is all about incorporating the wider benefits of the
            environment into decision making.</li>
          <li class="govuk-body">Natural capital evidence and approaches help us to account for and articulate the different ways
            our natural assets hold value for people (be that cultural, social, economic or environmental value) and provide a
            framework for incorporating this into decision making.</li>
          <li class="govuk-body">This reduces the risk of undervaluing our natural environment and helps to inform how we can
            better manage, protect, and enhance our natural assets and the services they provide.</li>
        </ul>
        <h1 class="govuk-heading-m govuk-\\!-static-margin-0 educational-copy-container__heading-m">What data sources we use</h1>
        <p class="govuk-body">You can use this search service to find and access data from several sources, including:</p>
        <ul>
          <li class="govuk-body">
            <a href="https://medin.org.uk/" target="_blank">Marine Environmental Data & Information Network (MEDIN)</a>
          </li>
          <li class="govuk-body">
            <a href="https://jncc.gov.uk/" target="_blank">Joint Nature Conservation Committee (JNCC)</a>
          </li>
        </ul>
      </div>
    </article>

        </main>
      </div>




  <footer class="govuk-footer" role="contentinfo">
  <div class="govuk-width-container">

    <div class="govuk-footer__meta">
      <div class="govuk-footer__meta-item govuk-footer__meta-item--grow">

          <h2 class="govuk-visually-hidden">Support links</h2>

            <ul class="govuk-footer__inline-list">

                <li class="govuk-footer__inline-list-item">
                  <a class="govuk-footer__link" href="/help">
                    Help
                  </a>
                </li>

                <li class="govuk-footer__inline-list-item">
                  <a class="govuk-footer__link" href="/privacy-policy">
                    Privacy
                  </a>
                </li>

                <li class="govuk-footer__inline-list-item">
                  <a class="govuk-footer__link" href="/cookie-policy">
                    Cookies
                  </a>
                </li>

                <li class="govuk-footer__inline-list-item">
                  <a class="govuk-footer__link" href="/accessibility-statement">
                    Accessibility statement
                  </a>
                </li>

                <li class="govuk-footer__inline-list-item">
                  <a class="govuk-footer__link" href="/terms-conditions">
                    Terms and conditions
                  </a>
                </li>

            </ul>



        <svg
          aria-hidden="true"
          focusable="false"
          class="govuk-footer__licence-logo"
          xmlns="http://www.w3.org/2000/svg"
          viewBox="0 0 483.2 195.7"
          height="17"
          width="41"
        >
          <path
            fill="currentColor"
            d="M421.5 142.8V.1l-50.7 32.3v161.1h112.4v-50.7zm-122.3-9.6A47.12 47.12 0 0 1 221 97.8c0-26 21.1-47.1 47.1-47.1 16.7 0 31.4 8.7 39.7 21.8l42.7-27.2A97.63 97.63 0 0 0 268.1 0c-36.5 0-68.3 20.1-85.1 49.7A98 98 0 0 0 97.8 0C43.9 0 0 43.9 0 97.8s43.9 97.8 97.8 97.8c36.5 0 68.3-20.1 85.1-49.7a97.76 97.76 0 0 0 149.6 25.4l19.4 22.2h3v-87.8h-80l24.3 27.5zM97.8 145c-26 0-47.1-21.1-47.1-47.1s21.1-47.1 47.1-47.1 47.2 21 47.2 47S123.8 145 97.8 145"
          />
        </svg>
        <span class="govuk-footer__licence-description">

            All content is available under the
            <a
              class="govuk-footer__link"
              href="https://www.nationalarchives.gov.uk/doc/open-government-licence/version/3/"
              rel="license"
            >Open Government Licence v3.0</a>, except where otherwise stated

        </span>
      </div>
      <div class="govuk-footer__meta-item">
        <a
          class="govuk-footer__link govuk-footer__copyright-logo"
          href="https://www.nationalarchives.gov.uk/information-management/re-using-public-sector-information/uk-government-licensing-framework/crown-copyright/"
        >© Crown copyright</a>
      </div>
    </div>
  </div>
</footer>

  <div id="overlay" class="overlay"></div>




  <script type="module" src="/assets/all.js"></script>
  <script type="module">
    import {initAll} from '/assets/all.js'
    initAll()
  </script>
  <script>
    const appInsightsConnString = "";
  </script>
  <script type="text/javascript" src="/assets/scripts/appinsights.js"></script>
  <script type="module" src="/assets/scripts/customScripts.js"></script>

  </body>
</html>
"
`;
