// Jest Snapshot v1, https://goo.gl/fbAQLP

exports[`Results Screen Sanpshot verification & status code should match the results screen snapshot 1`] = `"{"message":"An internal server error occurred","statusCode":500,"error":"Internal Server Error"}"`;
